C:\Program Files\dotnet\sdk\10.0.102\Microsoft.Common.CurrentVersion.targets(5381,5): error MSB3027: Could not copy "C:\Users\tanap\MyfirstC-\backend\obj\Debug\net10.0\apphost.exe" to "bin\Debug\net10.0\MyFirstApi.exe". Exceeded retry count of 10. Failed. The file is locked by: "MyFirstApi (42540)" [C:\Users\tanap\MyfirstC-\backend\MyFirstApi.csproj]
C:\Program Files\dotnet\sdk\10.0.102\Microsoft.Common.CurrentVersion.targets(5381,5): error MSB3021: Unable to copy file "C:\Users\tanap\MyfirstC-\backend\obj\Debug\net10.0\apphost.exe" to "bin\Debug\net10.0\MyFirstApi.exe". The process cannot access the file 'C:\Users\tanap\MyfirstC-\backend\bin\Debug\net10.0\MyFirstApi.exe' because it is being used by another process. [C:\Users\tanap\MyfirstC-\backend\MyFirstApi.csproj]

Build FAILED.
    10 Warning(s)
    2 Error(s)

Time Elapsed 00:00:13.30
